Dictionary: 53619 candidates from 5191 Lua files
subtitles / en: 146916
subtitles / ru: 146886
subtitles / it: 146886
subtitles / ko: 146886
subtitles / pl: 146886
subtitles / pt-br: 146886
subtitles / variant-0008: 72025
subtitles / fr: 146886
subtitles / es: 146886
subtitles / de: 146886
subtitles / ja: 146886
subtitles / zh-tw: 146886
subtitles / zh-cn: 146886
ui / en: 16613
ui / ru: 16611
ui / it: 16611
ui / ko: 16611
ui / pl: 16611
ui / pt-br: 16611
ui / variant-0008: 16360
ui / fr: 16611
ui / es: 16611
ui / de: 16611
ui / ja: 16611
ui / zh-tw: 16611
ui / zh-cn: 16611
path_of_trust__ui / en: 1
path_of_trust__ui / ru: 1
path_of_trust__ui / it: 1
path_of_trust__ui / ko: 1
path_of_trust__ui / pl: 1
path_of_trust__ui / pt-br: 1
path_of_trust__ui / variant-0008: 1
path_of_trust__ui / fr: 1
path_of_trust__ui / es: 1
path_of_trust__ui / de: 1
path_of_trust__ui / ja: 1
path_of_trust__ui / zh-tw: 1
path_of_trust__ui / zh-cn: 1
items / en: 13288
items / ru: 13283
items / it: 13283
items / ko: 13283
items / pl: 13283
items / pt-br: 13283
items / variant-0008: 12792
items / fr: 13283
items / es: 13283
items / de: 13283
items / ja: 13283
items / zh-tw: 13283
items / zh-cn: 13283
{"total_records": 2222587, "languages": {"de": {"records": 176781, "resolved_keys": 8128, "ambiguous_keys": 0}, "en": {"records": 176818, "resolved_keys": 8128, "ambiguous_keys": 0}, "es": {"records": 176781, "resolved_keys": 8128, "ambiguous_keys": 0}, "fr": {"records": 176781, "resolved_keys": 8128, "ambiguous_keys": 0}, "it": {"records": 176781, "resolved_keys": 8128, "ambiguous_keys": 0}, "ja": {"records": 176781, "resolved_keys": 8128, "ambiguous_keys": 0}, "ko": {"records": 176781, "resolved_keys": 8128, "ambiguous_keys": 0}, "pl": {"records": 176781, "resolved_keys": 8128, "ambiguous_keys": 0}, "pt-br": {"records": 176781, "resolved_keys": 8128, "ambiguous_keys": 0}, "ru": {"records": 176781, "resolved_keys": 8128, "ambiguous_keys": 0}, "variant-0008": {"records": 101178, "resolved_keys": 7666, "ambiguous_keys": 0}, "zh-cn": {"records": 176781, "resolved_keys": 8128, "ambiguous_keys": 0}, "zh-tw": {"records": 176781, "resolved_keys": 8128, "ambiguous_keys": 0}}}
