41
91
140
185
221
260
292
335
385
436
476
521
568
613
655
697
726
766
812
856
901
944
988
1029
1073
1119
1163
1209
1248
1295
1347
1396
1436
1468
1516
1566
1606
1653
1702
1747
1793
1837
1876
1917
1962
2002
2048
2090
2137
2183
2234
2274
2316
2364
2414
2461
2507
2552
2600
2650
2697
2743
2787
2832
2877
2925
2972
3017
3065
3109
3151
3172
3205
3239
3272
3305
3339
3386
3436
3479
3521
3562
3605
3645
3692
3741
3780
3822
3872
3918
3960
4008
4056
4102
4142
4186
4223
4251
4300
4346
4384
4426
4469
4511
4557
4605
4652
4694
4745
4793
4840
4886
4934
4980
5027
5076
5124
5168
5214
5258
5297
5338
5382
5432
5481
5530
5565
5595
5637
5669
5702
5738
5784
5822
5861
5904
5945
5989
6032
6074
6111
6155
6201
6246
6287
6330
6375
6417
6462
6510
6556
6599
6642
6689
6733
6779
6826
6873
6916
6965
7009
7043
7079
7129
7173
7222
7238
7280
7310
7346
7389
7436
7483
7531
7580
7627
7672
7718
7749
7784
7832
7882
7926
7970
8014
8062
8095
8138
8183
8231
8277
8323
8367
8410
8452
8497
8543
8582
8622
8662
8709
8758
8804
8844
8884
8925
8968
9013
9061
9104
9150
9197
9242
9290
9335
9380
9423
9468
9514
9561
9607
9649
9688
9732
9777
9824
9869
9915
9962
10005
10050
10097
10143
10185
10233
10273
10312
10360
10408
10459
10511
10560
10610
10657
10705
10749
10794
10840
10880
10922
10964
11008
11051
11095
11138
11178
11214
11258
11300
11345
11392
11439
11482
11527
11567
11610
11658
11705
11745
11783
11829
11862
11894
11940
11973
12018
12067
12111
12153
12196
12245
12287
12330
12375
12409
12456
12503
12546
12592
12641
12687
12733
12778
12818
12859
12904
12949
12989
13029
13074
13118
13163
13209
13248
13282
13323
13370
13414
13456
13501
13544
13594
13633
13671
13719
13766
13811
13861
13906
13956
14002
14048
14095
14140
14175
14220
14266
14306
14354
14398
14438
14483
14526
14572
14622
14673
14722
14771
14813
14861
14912
14958
15002
15047
15091
15137
15183
15229
15275
15323
15366
15408
15457
15505
15549
15599
15649
15700
15736
15737

DONE
took 18.804s
extracted 4 files
