51
116
170
215
275
318
389
457
513
583
649
706
750
806
875
947
1012
1077
1150
1214
1273
1343
1401
1455
1514
1582
1635
1702
1766
1836
1899
1970
2021
2082
2144
2216
2269
2330
2398
2467
2524
2584
2652
2710
2783
2851
2924
2989
3054
3115
3161
3204
3248
3297
3355
3418
3484
3544
3595
3659
3730
3788
3856
3929
4008
4083
4153
4216
4254
4318
4390
4467
4533
4603
4663
4723
4788
4854
4922
4989
5054
5124
5184
5249
5310
5370
5435
5496
5565
5628
5682
5733
5786
5845
5897
5950
6013
6069
6125
6182
6240
6300
6350
6403
6463
6534
6615
6664
6719
6772
6840
6913
6983
7041
7089
7167
7226
7254
7313
7371
7435
7494
7566
7633
7711
7760
7806
7874
7934
8002
8064
8124
8184
8249
8309
8381
8440
8494
8571
8629
8698
8764
8842
8909
8973
9034
9107
9181
9248
9311
9368
9444
9508
9563
9615
9669
9728
9786
9853
9918
9967
10017
10080
10140
10202
10265
10314
10379
10446
10504
10559
10613
10671
10726
10781
10839
10902
10957
11005
11065
11138
11203
11267
11330
11406
11462
11513
11566
11616
11669
11728
11769
11815
11864
11921
11975
12036
12099
12161
12233
12298
12364
12423
12488
12552
12607
12672
12738
12803
12871
12939
12997
13057
13126
13191
13249
13297
13347
13409
13475
13538
13598
13652
13726
13791
13856
13918
13987
14044
14113
14169
14220
14278
14346
14410
14468
14533
14596
14661
14737
14805
14866
14941
15007
15069
15137
15205
15270
15338
15391
15462
15527
15585
15656
15725
15736
15737

DONE
took 13.416s
extracted 4 files
