PASS UnitT00_LocalPlayerUsesNewCooldownAPI
PASS UnitT10_TeammateUsesNewCooldownAPI
PASS UnitT20_CurrentCooldownAPITakesPrecedence
PASS UnitT30_LegacyCooldownAPIStillWorks
PASS UnitT40_ChargeConsumptionAndRateRemainCorrect
PASS UnitT50_AbilityChangesAndDisabledUpdatesDoNotCount
PASS UnitT60_UnavailableGameplayTimeDisplaysNA
PASS UnitT70_PlayerPanelsDisplayAndClearStatistics
PASS UnitT80_NewGameplaySessionClearsStatistics
PASS UnitT90_VisibilityUpdatesOffsetsInPlace
PASS UnitT91_SettingsReloadAndHudRebuildRefreshImmediately
PASS UnitT92_SettingsResetRefreshesCachedOffsets
PASS UnitT93_ReadyOwnerLookupAvoidsPlayerScan
PASS UnitT94_OwnerLookupFallbackAndAttachedUnit
PASS UnitT95_RespawnReplacementAndLeaveResolveFreshOwner
PASS UnitT96_HudFormattingIsAtMostTenHzAtCommonRates
PASS UnitT97_HiddenNilAndBackwardTimeRefreshSafely
PASS UnitT98_UnchangedTextDoesNotRewriteOrDirty
PASS UnitT99_PanelHookPreservesChainedCallAndResults
19 phase 1 AUPM tests completed
PASS UnitT00_LocalExtensionUsesMatchingPlayerReference
PASS UnitT10_HuskExtensionUsesMatchingPlayerReference
PASS UnitT20_MissingExtensionPlayerUsesOwnerFallback
PASS UnitT30_MismatchedExtensionPlayerUsesCurrentOwner
PASS UnitT40_AttachedUnitIsNotCreditedToExtensionPlayer
PASS UnitT50_OwnerExceptionFallsBackToPlayerRoster
PASS UnitT60_UnreadyOwnerManagerFallsBackToPlayerRoster
PASS UnitT70_NilRosterDoesNotAttributeUnknownUnit
PASS UnitT80_LeavingPlayerWithClearedUnitIsIgnored
PASS UnitT90_RetainedPanelShowRefreshesOnFirstManagerUpdate
PASS UnitT95_SetVisibleHookPreservesChainArgumentsAndReturns
PASS UnitT96_VisibilityHooksRegisterBeforePanelClassesLoad
12 phase 2 AUPM tests completed
31 AUPM tests passed
