...mmer-40-000-DARKTIDE-Mods\scripts\kpm\tests\test_kpm.lua:809: KPM test suite failed
PASS UnitT00_NonDeathBypassesKpmQueries
PASS UnitT02_ExistingHudInitializesDuringRegistration
PASS UnitT05_DeathPreservesArgumentsAndReturns
PASS UnitT10_AllMeleeBreedsCountAsMelee
PASS UnitT20_AllRangedBreedsCountAsRanged
PASS UnitT30_AllSpecialBreedsCountAsSpecial
PASS UnitT35_UnknownBreedIsIgnored
PASS UnitT40_NonMinionDeathIsIgnored
PASS UnitT45_MissingExtensionIsIgnored
PASS UnitT50_PlayerUnitIdentityTracksRespawnAndDeparture
PASS UnitT60_InterleavedDeathsAndGameplayReset
FAIL InterT10_ActualDpmAndKpmHookChainBothOrders: Warhammer 40,000 DARKTIDE/mods/DPM/scripts/mods/DPM/DPM.lua:303: attempt to index global 'Unit' (a nil value)
stack traceback:
	Warhammer 40,000 DARKTIDE/mods/DPM/scripts/mods/DPM/DPM.lua:303: in function 'final'
	...mmer-40-000-DARKTIDE-Mods\scripts\kpm\tests\test_kpm.lua:504: in function <...mmer-40-000-DARKTIDE-Mods\scripts\kpm\tests\test_kpm.lua:475>
	[C]: in function 'xpcall'
	...mmer-40-000-DARKTIDE-Mods\scripts\kpm\tests\test_kpm.lua:798: in main chunk
PASS UnitT70_HudFormattingAndSettingsReadsAreThrottled
PASS UnitT72_SettingsResetRefreshesCachedVisibility
PASS UnitT75_HiddenHudSkipsFormattingAndKeepsStatistics
PASS UnitT80_AllVisibilityLayoutsAndTransitions
PASS UnitT85_HudRebuildUsesCurrentDisplayImmediately
PASS UnitT90_NilZeroAndNegativeTimersRenderNa
PASS UnitT92_MissingGameplayTimerRendersNaUntilRecreated
PASS UnitT95_HubMissionAndGameplayResetTransitions
PASS UnitT96_ReenabledHudShowsAccumulatedKills
PASS UnitT98_UnchangedContentIsNotReassigned
RESULT 22 tests, 1 failures
