PASS UnitT00_HudRegistrationDoesNotRecreateHud
PASS UnitT05_HealthRemovalHookIsRegistered
PASS UnitT10_AttackHookPreservesOriginalMultiReturns
PASS UnitT15_RepeatedViewClosePreservesInjectedHud
PASS UnitT16_HealthRemovalIsIdempotent
PASS UnitT20_RemoteHealthSyncBeforeOrAfterHitCountsDamageOnce
PASS UnitT25_DotAndHealingInterleaveWithoutLosingDamage
PASS UnitT30_OverkillCountsRemainingHealthAndDeathCleansEntry
PASS UnitT35_UnknownAttackerAndPetOnlyAffectTeamTotals
PASS UnitT40_LocalLethalHitPreservesExistingDamageAccounting
PASS UnitT45_GameplayTimerAbsenceAndBoundariesAreSafe
PASS UnitT50_PlayerPanelFormattingIsAtMostTenHzAndInvalidatesImmediately
PASS UnitT55_HiddenPanelSkipsFormattingAndVisibilityRefreshes
PASS UnitT60_MainHudFormattingIsAtMostTenHzAndSkipsHiddenContent
PASS InterT00_KpmAttackHookComposesWithDpmOnce
PASS InterT10_AupmPanelHookComposesWithDpm
SKIP InterT20_RecordedCandidatesComposeWithDpm (run with --integration-candidates)
PASS UnitT65_HuskPollingAndLifecycleCleanupReturnToBaseline
PASS UnitT66_DestroyedAttackTargetClearsTrackingAndForwards
PASS UnitT67_DestroyedPolledUnitClearsWithoutHealthRead
PASS UnitT68_HealthSystemDestroyClearsAllEntries
PASS UnitT70_GameplayAndPlayerIdentityInvalidatePanelCache
PASS UnitT75_UnchangedPanelTextDoesNotBecomeDirty
PASS UnitT80_TwoHundredUnitRemovalReturnsTableToBaseline
PASS UnitT85_NilAccountIdsKeepExistingSelfComparison
PASS UnitT90_UntrackedPolledUnitSkipsAliveAndHealthReads
PASS UnitT95_HealthPollingKeepsFramePrecision
0 DPM tests failed
